  loaded   500 x AnnualCrop
  loaded   500 x Forest
  loaded   500 x HerbaceousVegetation
  loaded   500 x Highway
  loaded   500 x Industrial
  loaded   500 x Pasture
  loaded   500 x PermanentCrop
  loaded   500 x Residential
  loaded   500 x River
  loaded   500 x SeaLake

Data source: eurosat   X=(5000, 64, 64, 3)  classes=10
  epoch  1/25  train_loss=1.744  val_acc=0.371
  epoch  2/25  train_loss=1.382  val_acc=0.524
  epoch  3/25  train_loss=1.206  val_acc=0.509
  epoch  4/25  train_loss=1.105  val_acc=0.580
  epoch  5/25  train_loss=1.023  val_acc=0.563
  epoch  6/25  train_loss=0.970  val_acc=0.507
  epoch  7/25  train_loss=0.957  val_acc=0.681
  epoch  8/25  train_loss=0.898  val_acc=0.689
  epoch  9/25  train_loss=0.862  val_acc=0.699
  epoch 10/25  train_loss=0.831  val_acc=0.684
  epoch 11/25  train_loss=0.807  val_acc=0.715
  epoch 12/25  train_loss=0.791  val_acc=0.679
  epoch 13/25  train_loss=0.781  val_acc=0.687
  epoch 14/25  train_loss=0.751  val_acc=0.743
  epoch 15/25  train_loss=0.746  val_acc=0.717
  epoch 16/25  train_loss=0.715  val_acc=0.737
  epoch 17/25  train_loss=0.706  val_acc=0.771
  epoch 18/25  train_loss=0.677  val_acc=0.745
  epoch 19/25  train_loss=0.679  val_acc=0.769
  epoch 20/25  train_loss=0.674  val_acc=0.771
  epoch 21/25  train_loss=0.671  val_acc=0.791
  epoch 22/25  train_loss=0.667  val_acc=0.793
  epoch 23/25  train_loss=0.661  val_acc=0.791
  epoch 24/25  train_loss=0.657  val_acc=0.796
  epoch 25/25  train_loss=0.651  val_acc=0.793
  -> restored best-validation weights (val_acc=0.796)

=== Environmental cost (whole pipeline) ===
runtime      :    181.8 s (0.051 h)
energy        :     3.38 Wh (0.00338 kWh)
CO2 emitted   :     0.78 g
  ~= 0.005 km driven in a petrol car
  ~= 0.09 smartphone charges
  ~= 0.011 kettles boiled

Metrics written to D:\tasks\250504\ai4eo-eurosat-landcover\results\metrics.json
Figures written to D:\tasks\250504\ai4eo-eurosat-landcover\figures
